"FMC150_EXT_TRIGGER_P" "FMC_CLK1_M2C_P"    "LVDS_25"   #G2
"FMC150_EXT_TRIGGER_N" "FMC_CLK1_M2C_N"    "LVDS_25"   #G3
"FMC150_CLK_TO_FPGA_P" "FMC_CLK0_M2C_P"    "LVDS_25"   #H4
"FMC150_CLK_TO_FPGA_N" "FMC_CLK0_M2C_N"    "LVDS_25"   #H5
"FMC150_CLK_AB_P"      "FMC_LA00_CC_P"     "LVDS_25"   #G6
"FMC150_CLK_AB_N"      "FMC_LA00_CC_N"     "LVDS_25"   #G7
"FMC150_CHA_P[0]"      "FMC_LA01_CC_P"     "LVDS_25"   #D8
"FMC150_CHA_N[0]"      "FMC_LA01_CC_N"     "LVDS_25"   #D9
"FMC150_CHA_P[1]"      "FMC_LA02_P"        "LVDS_25"   #H7
"FMC150_CHA_N[1]"      "FMC_LA02_N"        "LVDS_25"   #H8
"FMC150_CHA_P[2]"      "FMC_LA03_P"        "LVDS_25"   #G9
"FMC150_CHA_N[2]"      "FMC_LA03_N"        "LVDS_25"   #G10
"FMC150_CHA_P[3]"      "FMC_LA04_P"        "LVDS_25"   #H10
"FMC150_CHA_N[3]"      "FMC_LA04_N"        "LVDS_25"   #H11
"FMC150_CHA_P[4]"      "FMC_LA05_P"        "LVDS_25"   #D11
"FMC150_CHA_N[4]"      "FMC_LA05_N"        "LVDS_25"   #D12
"FMC150_CHA_P[5]"      "FMC_LA06_P"        "LVDS_25"   #C10
"FMC150_CHA_N[5]"      "FMC_LA06_N"        "LVDS_25"   #C11
"FMC150_CHA_P[6]"      "FMC_LA07_P"        "LVDS_25"   #H13
"FMC150_CHA_N[6]"      "FMC_LA07_N"        "LVDS_25"   #H14
"FMC150_CHB_P[0]"      "FMC_LA08_P"        "LVDS_25"   #G12
"FMC150_CHB_N[0]"      "FMC_LA08_N"        "LVDS_25"   #G13
"FMC150_CHB_P[1]"      "FMC_LA09_P"        "LVDS_25"   #D14
"FMC150_CHB_N[1]"      "FMC_LA09_N"        "LVDS_25"   #D15
"FMC150_CHB_P[2]"      "FMC_LA10_P"        "LVDS_25"   #C14
"FMC150_CHB_N[2]"      "FMC_LA10_N"        "LVDS_25"   #C15
"FMC150_CHB_P[3]"      "FMC_LA11_P"        "LVDS_25"   #H16
"FMC150_CHB_N[3]"      "FMC_LA11_N"        "LVDS_25"   #H17
"FMC150_CHB_P[4]"      "FMC_LA12_P"        "LVDS_25"   #G15
"FMC150_CHB_N[4]"      "FMC_LA12_N"        "LVDS_25"   #G16
"FMC150_CHB_P[5]"      "FMC_LA13_P"        "LVDS_25"   #D17
"FMC150_CHB_N[5]"      "FMC_LA13_N"        "LVDS_25"   #D18
"FMC150_CHB_P[6]"      "FMC_LA14_P"        "LVDS_25"   #C18
"FMC150_CHB_N[6]"      "FMC_LA14_N"        "LVDS_25"   #C19
"FMC150_ADC_N_EN"      "FMC_LA16_P"        "LVCMOS25"  #G18
"FMC150_TXENABLE"      "FMC_LA16_N"        "LVCMOS25"  #G19
"FMC150_ADC_SDO"       "FMC_LA15_P"        "LVCMOS25"  #H19
"FMC150_ADC_RESET"     "FMC_LA15_N"        "LVCMOS25"  #H20
"FMC150_FRAME_P"       "FMC_LA22_P"        "LVDS_25"   #G24
"FMC150_FRAME_N"       "FMC_LA22_N"        "LVDS_25"   #G25
"FMC150_DAC_DCLK_P"    "FMC_LA21_P"        "LVDS_25"   #H25
"FMC150_DAC_DCLK_N"    "FMC_LA21_N"        "LVDS_25"   #H26
"FMC150_DAC_D_P[0]"      "FMC_LA26_P"        "LVDS_25"   #D26
"FMC150_DAC_D_N[0]"      "FMC_LA26_N"        "LVDS_25"   #D27
"FMC150_DAC_D_P[1]"      "FMC_LA25_P"        "LVDS_25"   #G27
"FMC150_DAC_D_N[1]"      "FMC_LA25_N"        "LVDS_25"   #G28
"FMC150_DAC_D_P[2]"      "FMC_LA24_P"        "LVDS_25"   #H28
"FMC150_DAC_D_N[2]"      "FMC_LA24_N"        "LVDS_25"   #H29
"FMC150_DAC_D_P[3]"      "FMC_LA23_P"        "LVDS_25"   #D23
"FMC150_DAC_D_N[3]"      "FMC_LA23_N"        "LVDS_25"   #D24
"FMC150_DAC_D_P[4]"      "FMC_LA20_P"        "LVDS_25"   #G21
"FMC150_DAC_D_N[4]"      "FMC_LA20_N"        "LVDS_25"   #G22
"FMC150_DAC_D_P[5]"      "FMC_LA19_P"        "LVDS_25"   #H22
"FMC150_DAC_D_N[5]"      "FMC_LA19_N"        "LVDS_25"   #H23
"FMC150_DAC_D_P[6]"      "FMC_LA18_CC_P"     "LVDS_25"   #C22
"FMC150_DAC_D_N[6]"      "FMC_LA18_CC_N"     "LVDS_25"   #C23
"FMC150_DAC_D_P[7]"      "FMC_LA17_CC_P"     "LVDS_25"   #D20
"FMC150_DAC_D_N[7]"      "FMC_LA17_CC_N"     "LVDS_25"   #D21
"FMC150_SPI_SCLK"      "FMC_LA29_P"        "LVCMOS25"  #G30
"FMC150_SPI_SDATA"     "FMC_LA29_N"        "LVCMOS25"  #G31
"FMC150_DAC_N_EN"      "FMC_LA28_P"        "LVCMOS25"  #H31
"FMC150_DAC_SDO"       "FMC_LA28_N"        "LVCMOS25"  #H32
"FMC150_CDCE_N_RESET"  "FMC_LA31_P"        "LVCMOS25"  #G33
"FMC150_CDCE_N_PD"     "FMC_LA31_N"        "LVCMOS25"  #G34
"FMC150_CDCE_N_EN"     "FMC_LA30_P"        "LVCMOS25"  #H34
"FMC150_CDCE_SDO"      "FMC_LA30_N"        "LVCMOS25"  #H35
"FMC150_REF_EN"        "FMC_LA33_P"        "LVCMOS25"  #G36
"FMC150_PLL_STATUS"    "FMC_LA33_N"        "LVCMOS25"  #G37
"FMC150_MON_SDO"       "FMC_LA32_P"        "LVCMOS25"  #H37
"FMC150_MON_N_INT"     "FMC_LA32_N"        "LVCMOS25"  #H38
"FMC150_MON_N_EN"      "FMC_LA27_P"        "LVCMOS25"   #C26
"FMC150_MON_N_RESET"   "FMC_LA27_N"        "LVCMOS25"   #C27
"FMC150_PG_C2M"        "FMC_PG_C2M"        "LVCMOS25"   #D1
"FMC150_PRSNT_M2C_L"   "FMC_PRSNT_M2C_L"   "LVCMOS25"   #H2
