"FMC116_CLK_TO_FPGA_N"	"FMC_CLK0_M2C_N"	"LVDS_25"
"FMC116_CLK_TO_FPGA_P"	"FMC_CLK0_M2C_P"	"LVDS_25"
"FMC116_DCO_N[0]"	"FMC_LA00_CC_N"	"LVDS_25"
"FMC116_DCO_P[0]"	"FMC_LA00_CC_P"	"LVDS_25"
"FMC116_DCO_N[1]"	"FMC_LA01_CC_N"	"LVDS_25"
"FMC116_DCO_P[1]"	"FMC_LA01_CC_P"	"LVDS_25"
"FMC116_OUTA_N[3]"	"FMC_LA02_N"	"LVDS_25"
"FMC116_OUTA_P[3]"	"FMC_LA02_P"	"LVDS_25"
"FMC116_OUTB_N[3]"	"FMC_LA03_N"	"LVDS_25"
"FMC116_OUTB_P[3]"	"FMC_LA03_P"	"LVDS_25"
"FMC116_OUTA_N[2]"	"FMC_LA04_N"	"LVDS_25"
"FMC116_OUTA_P[2]"	"FMC_LA04_P"	"LVDS_25"
"FMC116_OUTB_N[2]"	"FMC_LA05_N"	"LVDS_25"
"FMC116_OUTB_P[2]"	"FMC_LA05_P"	"LVDS_25"
"FMC116_OUTA_N[1]"	"FMC_LA07_N"	"LVDS_25"
"FMC116_OUTA_P[1]"	"FMC_LA07_P"	"LVDS_25"
"FMC116_OUTB_N[1]"	"FMC_LA08_N"	"LVDS_25"
"FMC116_OUTB_P[1]"	"FMC_LA08_P"	"LVDS_25"
"FMC116_OUTA_N[0]"	"FMC_LA09_N"	"LVDS_25"
"FMC116_OUTA_P[0]"	"FMC_LA09_P"	"LVDS_25"
"FMC116_OUTB_N[0]"	"FMC_LA10_N"	"LVDS_25"
"FMC116_OUTB_P[0]"	"FMC_LA10_P"	"LVDS_25"
"FMC116_OUTA_N[7]"	"FMC_LA11_N"	"LVDS_25"
"FMC116_OUTA_P[7]"	"FMC_LA11_P"	"LVDS_25"
"FMC116_OUTB_N[7]"	"FMC_LA12_N"	"LVDS_25"
"FMC116_OUTB_P[7]"	"FMC_LA12_P"	"LVDS_25"
"FMC116_OUTA_N[6]"	"FMC_LA13_N"	"LVDS_25"
"FMC116_OUTA_P[6]"	"FMC_LA13_P"	"LVDS_25"
"FMC116_OUTB_N[6]"	"FMC_LA14_N"	"LVDS_25"
"FMC116_OUTB_P[6]"	"FMC_LA14_P"	"LVDS_25"
"FMC116_OUTA_N[5]"	"FMC_LA15_N"	"LVDS_25"
"FMC116_OUTA_P[5]"	"FMC_LA15_P"	"LVDS_25"
"FMC116_OUTB_N[5]"	"FMC_LA16_N"	"LVDS_25"
"FMC116_OUTB_P[5]"	"FMC_LA16_P"	"LVDS_25"
"FMC116_DCO_N[2]"	"FMC_LA17_CC_N"	"LVDS_25"
"FMC116_DCO_P[2]"	"FMC_LA17_CC_P"	"LVDS_25"
"FMC116_OUTA_N[4]"	"FMC_LA19_N"	"LVDS_25"
"FMC116_OUTA_P[4]"	"FMC_LA19_P"	"LVDS_25"
"FMC116_OUTB_N[4]"	"FMC_LA20_N"	"LVDS_25"
"FMC116_OUTB_P[4]"	"FMC_LA20_P"	"LVDS_25"
"FMC116_OUTA_N[11]"	"FMC_LA21_N"	"LVDS_25"
"FMC116_OUTA_P[11]"	"FMC_LA21_P"	"LVDS_25"
"FMC116_OUTB_N[11]"	"FMC_LA22_N"	"LVDS_25"
"FMC116_OUTB_P[11]"	"FMC_LA22_P"	"LVDS_25"
"FMC116_OUTA_N[10]"	"FMC_LA23_N"	"LVDS_25"
"FMC116_OUTA_P[10]"	"FMC_LA23_P"	"LVDS_25"
"FMC116_OUTB_N[10]"	"FMC_LA24_N"	"LVDS_25"
"FMC116_OUTB_P[10]"	"FMC_LA24_P"	"LVDS_25"
"FMC116_OUTA_N[9]"	"FMC_LA26_N"	"LVDS_25"
"FMC116_OUTA_P[9]"	"FMC_LA26_P"	"LVDS_25"
"FMC116_OUTB_N[9]"	"FMC_LA27_N"	"LVDS_25"
"FMC116_OUTB_P[9]"	"FMC_LA27_P"	"LVDS_25"
"FMC116_OUTA_N[8]"	"FMC_LA28_N"	"LVDS_25"
"FMC116_OUTA_P[8]"	"FMC_LA28_P"	"LVDS_25"
"FMC116_OUTB_N[8]"	"FMC_LA29_N"	"LVDS_25"
"FMC116_OUTB_P[8]"	"FMC_LA29_P"	"LVDS_25"
"FMC116_CTRL[1]"	"FMC_LA30_N"	"LVCMOS25"
"FMC116_CTRL[0]"	"FMC_LA30_P"	"LVCMOS25"
"FMC116_CTRL[3]"	"FMC_LA31_N"	"LVCMOS25"
"FMC116_CTRL[2]"	"FMC_LA31_P"	"LVCMOS25"
"FMC116_CTRL[5]"	"FMC_LA32_N"	"LVCMOS25"
"FMC116_CTRL[4]"	"FMC_LA32_P"	"LVCMOS25"
"FMC116_CTRL[7]"	"FMC_LA33_N"	"LVCMOS25"
"FMC116_CTRL[6]"	"FMC_LA33_P"	"LVCMOS25"
"FMC116_DCO_N[3]"	"FMC_HA00_CC_N"	"LVDS_25"
"FMC116_DCO_P[3]"	"FMC_HA00_CC_P"	"LVDS_25"
"FMC116_OUTA_N[15]"	"FMC_HA01_CC_N"	"LVDS_25"
"FMC116_OUTA_P[15]"	"FMC_HA01_CC_P"	"LVDS_25"
"FMC116_OUTB_N[15]"	"FMC_HA02_N"	"LVDS_25"
"FMC116_OUTB_P[15]"	"FMC_HA02_P"	"LVDS_25"
"FMC116_OUTA_N[14]"	"FMC_HA03_N"	"LVDS_25"
"FMC116_OUTA_P[14]"	"FMC_HA03_P"	"LVDS_25"
"FMC116_OUTB_N[14]"	"FMC_HA04_N"	"LVDS_25"
"FMC116_OUTB_P[14]"	"FMC_HA04_P"	"LVDS_25"
"FMC116_OUTA_N[13]"	"FMC_HA06_N"	"LVDS_25"
"FMC116_OUTA_P[13]"	"FMC_HA06_P"	"LVDS_25"
"FMC116_OUTB_N[13]"	"FMC_HA07_N"	"LVDS_25"
"FMC116_OUTB_P[13]"	"FMC_HA07_P"	"LVDS_25"
"FMC116_OUTA_N[12]"	"FMC_HA08_N"	"LVDS_25"
"FMC116_OUTA_P[12]"	"FMC_HA08_P"	"LVDS_25"
"FMC116_OUTB_N[12]"	"FMC_HA09_N"	"LVDS_25"
"FMC116_OUTB_P[12]"	"FMC_HA09_P"	"LVDS_25"
"FMC116_PG_M2C"	"FMC_PG_M2C"	"LVCMOS25"
"FMC116_PRSNT_M2C_L"	"FMC_PRSNT_M2C_L"	"LVCMOS25"
